Release 12.4 - xst M.81d (lin64)
Copyright (c) 1995-2010 Xilinx, Inc.  All rights reserved.
--> 
Parameter TMPDIR set to tmpdir


Total REAL time to Xst completion: 1.00 secs
Total CPU time to Xst completion: 0.12 secs
 
--> 

TABLE OF CONTENTS
  1) Synthesis Options Summary
  2) HDL Parsing
  3) HDL Elaboration
  4) HDL Synthesis
       4.1) HDL Synthesis Report
  5) Advanced HDL Synthesis
       5.1) Advanced HDL Synthesis Report
  6) Low Level Synthesis
  7) Partition Report
  8) Design Summary
       8.1) Primitive and Black Box Usage
       8.2) Device utilization summary
       8.3) Partition Resource Summary
       8.4) Timing Report
            8.4.1) Clock Information
            8.4.2) Asynchronous Control Signals Information
            8.4.3) Timing Summary
            8.4.4) Timing Details
            8.4.5) Cross Clock Domains Report


=========================================================================
*                      Synthesis Options Summary                        *
=========================================================================
---- Source Parameters
Input File Name                    : "design.prj"

---- Target Parameters
Output File Name                   : "design.ngc"
Target Device                      : xc6slx16-3-csg324

---- Source Options
Top Module Name                    : lab

=========================================================================

WARNING:Xst:29 - Optimization Effort not specified
The following parameters have been added:
Optimization Goal                  : SPEED

=========================================================================

=========================================================================
*                          HDL Parsing                                  *
=========================================================================
Parsing VHDL file "/edu/sanpo473/Desktop/Jumpy-Jumpy-Box-Box/GPU/lab-synthdir/xst/synth/../../../lab.vhd" into library work
Parsing entity <lab>.
ERROR:HDLCompiler:69 - "/edu/sanpo473/Desktop/Jumpy-Jumpy-Box-Box/GPU/lab-synthdir/xst/synth/../../../lab.vhd" Line 22: <boardsprites_t> is not declared.
ERROR:HDLCompiler:854 - "/edu/sanpo473/Desktop/Jumpy-Jumpy-Box-Box/GPU/lab-synthdir/xst/synth/../../../lab.vhd" Line 14: Unit <lab> ignored due to previous errors.
Parsing architecture <Behavioral> of entity <lab>.
ERROR:HDLCompiler:374 - "/edu/sanpo473/Desktop/Jumpy-Jumpy-Box-Box/GPU/lab-synthdir/xst/synth/../../../lab.vhd" Line 25: Entity <lab> is not yet compiled.
ERROR:HDLCompiler:69 - "/edu/sanpo473/Desktop/Jumpy-Jumpy-Box-Box/GPU/lab-synthdir/xst/synth/../../../lab.vhd" Line 27: <std_logic> is not declared.
ERROR:HDLCompiler:69 - "/edu/sanpo473/Desktop/Jumpy-Jumpy-Box-Box/GPU/lab-synthdir/xst/synth/../../../lab.vhd" Line 28: <std_logic> is not declared.
ERROR:HDLCompiler:69 - "/edu/sanpo473/Desktop/Jumpy-Jumpy-Box-Box/GPU/lab-synthdir/xst/synth/../../../lab.vhd" Line 29: <std_logic_vector> is not declared.
ERROR:HDLCompiler:69 - "/edu/sanpo473/Desktop/Jumpy-Jumpy-Box-Box/GPU/lab-synthdir/xst/synth/../../../lab.vhd" Line 30: <std_logic_vector> is not declared.
ERROR:HDLCompiler:69 - "/edu/sanpo473/Desktop/Jumpy-Jumpy-Box-Box/GPU/lab-synthdir/xst/synth/../../../lab.vhd" Line 51: <std_logic> is not declared.
ERROR:HDLCompiler:69 - "/edu/sanpo473/Desktop/Jumpy-Jumpy-Box-Box/GPU/lab-synthdir/xst/synth/../../../lab.vhd" Line 52: <std_logic> is not declared.
ERROR:HDLCompiler:69 - "/edu/sanpo473/Desktop/Jumpy-Jumpy-Box-Box/GPU/lab-synthdir/xst/synth/../../../lab.vhd" Line 53: <std_logic> is not declared.
ERROR:HDLCompiler:69 - "/edu/sanpo473/Desktop/Jumpy-Jumpy-Box-Box/GPU/lab-synthdir/xst/synth/../../../lab.vhd" Line 54: <std_logic> is not declared.
ERROR:HDLCompiler:69 - "/edu/sanpo473/Desktop/Jumpy-Jumpy-Box-Box/GPU/lab-synthdir/xst/synth/../../../lab.vhd" Line 55: <std_logic_vector> is not declared.
ERROR:HDLCompiler:69 - "/edu/sanpo473/Desktop/Jumpy-Jumpy-Box-Box/GPU/lab-synthdir/xst/synth/../../../lab.vhd" Line 56: <unsigned> is not declared.
ERROR:HDLCompiler:69 - "/edu/sanpo473/Desktop/Jumpy-Jumpy-Box-Box/GPU/lab-synthdir/xst/synth/../../../lab.vhd" Line 57: <std_logic> is not declared.
ERROR:HDLCompiler:69 - "/edu/sanpo473/Desktop/Jumpy-Jumpy-Box-Box/GPU/lab-synthdir/xst/synth/../../../lab.vhd" Line 61: <std_logic> is not declared.
ERROR:HDLCompiler:69 - "/edu/sanpo473/Desktop/Jumpy-Jumpy-Box-Box/GPU/lab-synthdir/xst/synth/../../../lab.vhd" Line 63: <std_logic> is not declared.
ERROR:HDLCompiler:69 - "/edu/sanpo473/Desktop/Jumpy-Jumpy-Box-Box/GPU/lab-synthdir/xst/synth/../../../lab.vhd" Line 64: <std_logic_vector> is not declared.
ERROR:HDLCompiler:69 - "/edu/sanpo473/Desktop/Jumpy-Jumpy-Box-Box/GPU/lab-synthdir/xst/synth/../../../lab.vhd" Line 65: <std_logic_vector> is not declared.
ERROR:HDLCompiler:69 - "/edu/sanpo473/Desktop/Jumpy-Jumpy-Box-Box/GPU/lab-synthdir/xst/synth/../../../lab.vhd" Line 66: <unsigned> is not declared.
Sorry, too many errors..
--> 


Total memory usage is 397888 kilobytes

Number of errors   :   19 (   0 filtered)
Number of warnings :    1 (   0 filtered)
Number of infos    :    0 (   0 filtered)

